
> Configure project :
MixinGradle is skipping eclipse integration, extension not found
Java: 17.0.16, JVM: 17.0.16+8-LTS (Microsoft), Arch: amd64
files(...) dependencies are not deobfuscated. Use a flatDir repository instead: https://docs.gradle.org/current/userguide/declaring_repositories.html#sub:flat_dir_resolver
Cannot deobfuscate dependency of type DefaultFileCollectionDependency_Decorated, using obfuscated version!
files(...) dependencies are not deobfuscated. Use a flatDir repository instead: https://docs.gradle.org/current/userguide/declaring_repositories.html#sub:flat_dir_resolver
Cannot deobfuscate dependency of type DefaultFileCollectionDependency_Decorated, using obfuscated version!
Neither the 'eclipse' nor the 'idea' plugins were found, but IDE resource copy has been enabled.

> Task :downloadMcpConfig
> Task :extractSrg UP-TO-DATE
> Task :createMcpToSrg UP-TO-DATE

> Task :compileJava
./gradlew : Note: SpongePowered MIXIN Annotation Processor Version=0.8.5 (MixinGradle Version=0.7.38)
строка:1 знак:1
+ ./gradlew classes > build_output.txt 2>&1
+ ~~~~~~~~~~~~~~~~~~~~~~~~~~~~~~~~~~~~~~~~~
    + CategoryInfo          : NotSpecified: (Note: SpongePow...Version=0.7.38):String) [], RemoteException
    + FullyQualifiedErrorId : NativeCommandError
 
Note: Supported obfuscation types: ObfuscationServiceMCP supports [notch] ObfuscationServiceFG3 supports [searge]
Note: Loading searge mappings from C:\developing\Crustal-Incursion\build\createMcpToSrg\output.tsrg
Note: Writing refmap to C:\developing\Crustal-Incursion\build\tmp\compileJava\compileJava-refmap.json
C:\developing\Crustal-Incursion\src\main\java\com\cim\compat\irisflw\mixin\flw\MixinFlwPrograms.java:21: warning: Unabl
e to locate obfuscation mapping for @Shadow field
   @Shadow
   ^
C:\developing\Crustal-Incursion\src\main\java\com\cim\compat\irisflw\mixin\flw\MixinFlwPrograms.java:23: warning: Unabl
e to locate obfuscation mapping for @Shadow field
   @Shadow
   ^
C:\developing\Crustal-Incursion\src\main\java\com\cim\compat\irisflw\mixin\iris\MixinShadowRenderer.java:23: warning: U
nable to locate obfuscation mapping for @Shadow field
   @Shadow
   ^
C:\developing\Crustal-Incursion\src\main\java\com\cim\compat\irisflw\mixin\iris\MixinShadowRenderer.java:36: warning: U
nable to locate obfuscation mapping for @Shadow field
   @Shadow
   ^
C:\developing\Crustal-Incursion\src\main\java\com\cim\compat\irisflw\mixin\flw\FlwCompilationAccessor.java:10: warning:
 Unable to locate obfuscation mapping for @Accessor target generatedSource
   @Accessor
   ^
C:\developing\Crustal-Incursion\src\main\java\com\cim\compat\irisflw\mixin\flw\FlwCompilationAccessor.java:13: warning:
 Unable to locate obfuscation mapping for @Accessor target fullSource
   @Accessor
   ^
C:\developing\Crustal-Incursion\src\main\java\com\cim\compat\irisflw\mixin\flw\SimpleQuadMeshAccessor.java:10: warning:
 Unable to locate obfuscation mapping for @Accessor target vertexList
   @Accessor
   ^
C:\developing\Crustal-Incursion\src\main\java\com\cim\compat\irisflw\mixin\flw\FlwCompilationAccessor.java:16: warning:
 Unable to locate obfuscation mapping for @Accessor target dumpSource
   @Invoker("dumpSource")
   ^
Note: Writing refmap to C:\developing\Crustal-Incursion\build\tmp\compileJava\compileJava-refmap.json
Note: Writing searge composite mappings to C:\developing\Crustal-Incursion\build\tmp\compileJava\compileJava-mappings.t
srg
Note: Writing refmap to C:\developing\Crustal-Incursion\build\tmp\compileJava\compileJava-refmap.json
Note: Writing refmap to C:\developing\Crustal-Incursion\build\tmp\compileJava\compileJava-refmap.json
Note: Writing searge composite mappings to C:\developing\Crustal-Incursion\build\tmp\compileJava\compileJava-mappings.t
srg
C:\developing\Crustal-Incursion\src\main\java\com\cim\datagen\ModLangProvider.java:251: error: cannot find symbol
        add(ModItems.DEPTH_WORM_BRUTAL_SPAW_EGG.get(), "Brutal Depth Worm Spawn Egg");
                    ^
  symbol:   variable DEPTH_WORM_BRUTAL_SPAW_EGG
  location: class ModItems
C:\developing\Crustal-Incursion\src\main\java\com\cim\datagen\ModLangProvider.java:466: error: cannot find symbol
         add(ModItems.DEPTH_WORM_BRUTAL_SPAW_EGG.get(), "▀щЎю яЁшч√тр цхёЄюъюую уыєсшээюую ўхЁт ");
                     ^
  symbol:   variable DEPTH_WORM_BRUTAL_SPAW_EGG
  location: class ModItems
Note: Some input files use or override a deprecated API.
Note: Recompile with -Xlint:deprecation for details.
Note: Some input files use unchecked or unsafe operations.
Note: Recompile with -Xlint:unchecked for details.
2 errors
8 warnings

> Task :compileJava FAILED

[Incubating] Problems report is available at: file:///C:/developing/Crustal-Incursion/build/reports/problems/problems-report.html

FAILURE: Build failed with an exception.

* What went wrong:
Execution failed for task ':compileJava'.
> Compilation failed; see the compiler output below.
  C:\developing\Crustal-Incursion\src\main\java\com\cim\compat\irisflw\mixin\flw\MixinFlwPrograms.java:21: warning: Una
ble to locate obfuscation mapping for @Shadow field
     @Shadow
     ^
  C:\developing\Crustal-Incursion\src\main\java\com\cim\compat\irisflw\mixin\flw\MixinFlwPrograms.java:23: warning: Una
ble to locate obfuscation mapping for @Shadow field
     @Shadow
     ^
  C:\developing\Crustal-Incursion\src\main\java\com\cim\compat\irisflw\mixin\iris\MixinShadowRenderer.java:23: warning:
 Unable to locate obfuscation mapping for @Shadow field
     @Shadow
     ^
  C:\developing\Crustal-Incursion\src\main\java\com\cim\compat\irisflw\mixin\iris\MixinShadowRenderer.java:36: warning:
 Unable to locate obfuscation mapping for @Shadow field
     @Shadow
     ^
  C:\developing\Crustal-Incursion\src\main\java\com\cim\compat\irisflw\mixin\flw\FlwCompilationAccessor.java:10: warnin
g: Unable to locate obfuscation mapping for @Accessor target generatedSource
     @Accessor
     ^
  C:\developing\Crustal-Incursion\src\main\java\com\cim\compat\irisflw\mixin\flw\FlwCompilationAccessor.java:13: warnin
g: Unable to locate obfuscation mapping for @Accessor target fullSource
     @Accessor
     ^
  C:\developing\Crustal-Incursion\src\main\java\com\cim\compat\irisflw\mixin\flw\SimpleQuadMeshAccessor.java:10: warnin
g: Unable to locate obfuscation mapping for @Accessor target vertexList
     @Accessor
     ^
  C:\developing\Crustal-Incursion\src\main\java\com\cim\compat\irisflw\mixin\flw\FlwCompilationAccessor.java:16: warnin
g: Unable to locate obfuscation mapping for @Accessor target dumpSource
     @Invoker("dumpSource")
     ^
  Note: Recompile with -Xlint:deprecation for details.
  C:\developing\Crustal-Incursion\src\main\java\com\cim\datagen\ModLangProvider.java:251: error: cannot find symbol
          add(ModItems.DEPTH_WORM_BRUTAL_SPAW_EGG.get(), "Brutal Depth Worm Spawn Egg");
                      ^
    symbol:   variable DEPTH_WORM_BRUTAL_SPAW_EGG
    location: class ModItems
  C:\developing\Crustal-Incursion\src\main\java\com\cim\datagen\ModLangProvider.java:466: error: cannot find symbol
           add(ModItems.DEPTH_WORM_BRUTAL_SPAW_EGG.get(), "▀щЎю яЁшч√тр цхёЄюъюую уыєсшээюую ўхЁт ");
                       ^
    symbol:   variable DEPTH_WORM_BRUTAL_SPAW_EGG
    location: class ModItems
  Note: Recompile with -Xlint:unchecked for details.
  Note: Some input files use or override a deprecated API.
  Note: SpongePowered MIXIN Annotation Processor Version=0.8.5 (MixinGradle Version=0.7.38)
  Note: Supported obfuscation types: ObfuscationServiceMCP supports [notch] ObfuscationServiceFG3 supports [searge]
  Note: Loading searge mappings from C:\developing\Crustal-Incursion\build\createMcpToSrg\output.tsrg
  Note: Writing refmap to C:\developing\Crustal-Incursion\build\tmp\compileJava\compileJava-refmap.json
  Note: Writing searge composite mappings to C:\developing\Crustal-Incursion\build\tmp\compileJava\compileJava-mappings
.tsrg
  Note: Some input files use unchecked or unsafe operations.
  2 errors
  8 warnings

* Try:
> Check your code and dependencies to fix the compilation error(s)
> Run with --scan to get full insights.

Deprecated Gradle features were used in this build, making it incompatible with Gradle 9.0.

You can use '--warning-mode all' to show the individual deprecation warnings and determine if they come from your own scripts or plugins.

For more on this, please refer to https://docs.gradle.org/8.14/userguide/command_line_interface.html#sec:command_line_warnings in the Gradle documentation.

BUILD FAILED in 6s
4 actionable tasks: 2 executed, 2 up-to-date
